[npm install bootstrap]

node.js 설치하기
  https://nodejs.org/ko/download/ 에서
  Windows Installer (.msi)    >     64-bit 다운로드
  node-v18.13.0-x64.msi 파일 우클릭하고 설치 클릭

node.js 환경변수 설정
환경변수 창에서
시스템변수 > 새로 만들기 > 변수이름에 npm 를 입력 >
변수값에 C:\Users\global\AppData\Roaming\npm 입력 > 확인

시스템변수 > Path 선택 > 편집 > 새로 만들기 >
C:\Program Files\nodejs\ 입력 후
확인 세 차례 누름

cmd 관리자 권한으로 실행해서
node -v 입력하고 node.js 버전 확인하기

cmd 관리자 권한으로 새로 실행해서

아래와 같이 진행함

Microsoft Windows [Version 10.0.19045.2486]
(c) Microsoft Corporation. All rights reserved.

C:\Windows\system32>cd C:\workspace\springboot\global\src\main\resources\static

C:\workspace\springboot\global\src\main\resources\static>npm init
This utility will walk you through creating a package.json file.
It only covers the most common items, and tries to guess sensible defaults.

See `npm help init` for definitive documentation on these fields
and exactly what they do.

Use `npm install <pkg>` afterwards to install a package and
save it as a dependency in the package.json file.

Press ^C at any time to quit.
package name: (static)
version: (1.0.0)
description:
entry point: (index.js)
test command:
git repository:
keywords:
author:
license: (ISC)
About to write to C:\workspace\springboot\global\src\main\resources\static\package.json:

{
  "name": "static",
  "version": "1.0.0",
  "description": "",
  "main": "index.js",
  "scripts": {
    "test": "echo \"Error: no test specified\" && exit 1"
  },
  "author": "",
  "license": "ISC"
}


Is this OK? (yes) yes
npm notice
npm notice New major version of npm available! 8.19.3 -> 9.3.0
npm notice Changelog: https://github.com/npm/cli/releases/tag/v9.3.0
npm notice Run npm install -g npm@9.3.0 to update!
npm notice

C:\workspace\springboot\global\src\main\resources\static>dir
 C 드라이브의 볼륨에는 이름이 없습니다.
 볼륨 일련 번호: 0C7D-D29C

 C:\workspace\springboot\global\src\main\resources\static 디렉터리

2023-01-17  오후 04:16    <DIR>          .
2023-01-17  오후 04:16    <DIR>          ..
2023-01-16  오전 11:04    <DIR>          images
2023-01-17  오후 03:40             4,343 index.html
2023-01-17  오후 04:16               202 package.json
               2개 파일               4,545 바이트
               3개 디렉터리  36,128,419,840 바이트 남음

버전을 지정하지 않으면 최신 버전으로 설치됨
C:\workspace\springboot\global\src\main\resources\static>npm install bootstrap

버전을 지정해서 설치하는 경우
C:\workspace\springboot\global\src\main\resources\static>npm install bootstrap@4.6.2

added 2 packages, and audited 3 packages in 2s

2 packages are looking for funding
  run `npm fund` for details

found 0 vulnerabilities

C:\workspace\springboot\global\src\main\resources\static>dir
 C 드라이브의 볼륨에는 이름이 없습니다.
 볼륨 일련 번호: 0C7D-D29C

 C:\workspace\springboot\global\src\main\resources\static 디렉터리

2023-01-17  오후 04:17    <DIR>          .
2023-01-17  오후 04:17    <DIR>          ..
2023-01-16  오전 11:04    <DIR>          images
2023-01-17  오후 03:40             4,343 index.html
2023-01-17  오후 04:17    <DIR>          node_modules
2023-01-17  오후 04:17             1,813 package-lock.json
2023-01-17  오후 04:17               253 package.json
               3개 파일               6,409 바이트
               4개 디렉터리  36,118,069,248 바이트 남음


버전을 지정하지 않으면 최신 버전으로 설치됨
C:\workspace\springboot\global\src\main\resources\static>npm install jquery --save

버전을 지정해서 설치하는 경우
C:\workspace\springboot\global\src\main\resources\static>npm install jquery@3.5.1 --save


added 1 package, and audited 4 packages in 614ms

2 packages are looking for funding
  run `npm fund` for details

found 0 vulnerabilities

C:\workspace\springboot\global\src\main\resources\static>

